src/components/CameraRig.tsx(3,1): error TS6133: 'THREE' is declared but its value is never read.
